// Jest Snapshot v1, https://goo.gl/fbAQLP

exports[`Pruebas en <AddCategory /> debe mostrar el componente correctamente 1`] = `
<form
  onSubmit={[Function]}
>
  <input
    className="category-input"
    onChange={[Function]}
    placeholder="Buscar... "
    type="text"
    value=""
  />
  <button
    className="add-category"
    onClick={[Function]}
  >
    Buscar
  </button>
</form>
`;
